// Jest Snapshot v1, https://goo.gl/fbAQLP

exports[`BtnSolicitarProducto Test should match snapshot 1`] = `
<div>
  <button
    class="sc-AxjAm dmxFrE"
  >
    <span>
      Solicitar
    </span>
  </button>
</div>
`;
